Archive member included to satisfy reference by file (symbol)

c:/ac6/systemworkbench/plugins/fr.ac6.mcu.externaltools.arm-none.win32_1.17.0.201812190825/tools/compiler/bin/../lib/gcc/arm-none-eabi/7.3.1/../../../../arm-none-eabi/lib/thumb/v7e-m/fpv4-sp/hard\libc.a(lib_a-errno.o)
                              src/syscalls.o (__errno)
c:/ac6/systemworkbench/plugins/fr.ac6.mcu.externaltools.arm-none.win32_1.17.0.201812190825/tools/compiler/bin/../lib/gcc/arm-none-eabi/7.3.1/../../../../arm-none-eabi/lib/thumb/v7e-m/fpv4-sp/hard\libc.a(lib_a-exit.o)
                              c:/ac6/systemworkbench/plugins/fr.ac6.mcu.externaltools.arm-none.win32_1.17.0.201812190825/tools/compiler/bin/../lib/gcc/arm-none-eabi/7.3.1/../../../../arm-none-eabi/lib/thumb/v7e-m/fpv4-sp/hard/crt0.o (exit)
c:/ac6/systemworkbench/plugins/fr.ac6.mcu.externaltools.arm-none.win32_1.17.0.201812190825/tools/compiler/bin/../lib/gcc/arm-none-eabi/7.3.1/../../../../arm-none-eabi/lib/thumb/v7e-m/fpv4-sp/hard\libc.a(lib_a-impure.o)
                              c:/ac6/systemworkbench/plugins/fr.ac6.mcu.externaltools.arm-none.win32_1.17.0.201812190825/tools/compiler/bin/../lib/gcc/arm-none-eabi/7.3.1/../../../../arm-none-eabi/lib/thumb/v7e-m/fpv4-sp/hard\libc.a(lib_a-exit.o) (_global_impure_ptr)
c:/ac6/systemworkbench/plugins/fr.ac6.mcu.externaltools.arm-none.win32_1.17.0.201812190825/tools/compiler/bin/../lib/gcc/arm-none-eabi/7.3.1/../../../../arm-none-eabi/lib/thumb/v7e-m/fpv4-sp/hard\libc.a(lib_a-init.o)
                              c:/ac6/systemworkbench/plugins/fr.ac6.mcu.externaltools.arm-none.win32_1.17.0.201812190825/tools/compiler/bin/../lib/gcc/arm-none-eabi/7.3.1/../../../../arm-none-eabi/lib/thumb/v7e-m/fpv4-sp/hard/crt0.o (__libc_init_array)
c:/ac6/systemworkbench/plugins/fr.ac6.mcu.externaltools.arm-none.win32_1.17.0.201812190825/tools/compiler/bin/../lib/gcc/arm-none-eabi/7.3.1/../../../../arm-none-eabi/lib/thumb/v7e-m/fpv4-sp/hard\libc.a(lib_a-memset.o)
                              c:/ac6/systemworkbench/plugins/fr.ac6.mcu.externaltools.arm-none.win32_1.17.0.201812190825/tools/compiler/bin/../lib/gcc/arm-none-eabi/7.3.1/../../../../arm-none-eabi/lib/thumb/v7e-m/fpv4-sp/hard/crt0.o (memset)
c:/ac6/systemworkbench/plugins/fr.ac6.mcu.externaltools.arm-none.win32_1.17.0.201812190825/tools/compiler/bin/../lib/gcc/arm-none-eabi/7.3.1/../../../../arm-none-eabi/lib/thumb/v7e-m/fpv4-sp/hard\libc.a(lib_a-__call_atexit.o)
                              c:/ac6/systemworkbench/plugins/fr.ac6.mcu.externaltools.arm-none.win32_1.17.0.201812190825/tools/compiler/bin/../lib/gcc/arm-none-eabi/7.3.1/../../../../arm-none-eabi/lib/thumb/v7e-m/fpv4-sp/hard\libc.a(lib_a-exit.o) (__call_exitprocs)
c:/ac6/systemworkbench/plugins/fr.ac6.mcu.externaltools.arm-none.win32_1.17.0.201812190825/tools/compiler/bin/../lib/gcc/arm-none-eabi/7.3.1/../../../../arm-none-eabi/lib/thumb/v7e-m/fpv4-sp/hard\libc.a(lib_a-atexit.o)
                              c:/ac6/systemworkbench/plugins/fr.ac6.mcu.externaltools.arm-none.win32_1.17.0.201812190825/tools/compiler/bin/../lib/gcc/arm-none-eabi/7.3.1/../../../../arm-none-eabi/lib/thumb/v7e-m/fpv4-sp/hard\libc.a(lib_a-__call_atexit.o) (atexit)
c:/ac6/systemworkbench/plugins/fr.ac6.mcu.externaltools.arm-none.win32_1.17.0.201812190825/tools/compiler/bin/../lib/gcc/arm-none-eabi/7.3.1/../../../../arm-none-eabi/lib/thumb/v7e-m/fpv4-sp/hard\libc.a(lib_a-fini.o)
                              c:/ac6/systemworkbench/plugins/fr.ac6.mcu.externaltools.arm-none.win32_1.17.0.201812190825/tools/compiler/bin/../lib/gcc/arm-none-eabi/7.3.1/../../../../arm-none-eabi/lib/thumb/v7e-m/fpv4-sp/hard\libc.a(lib_a-__call_atexit.o) (__libc_fini_array)
c:/ac6/systemworkbench/plugins/fr.ac6.mcu.externaltools.arm-none.win32_1.17.0.201812190825/tools/compiler/bin/../lib/gcc/arm-none-eabi/7.3.1/../../../../arm-none-eabi/lib/thumb/v7e-m/fpv4-sp/hard\libc.a(lib_a-lock.o)
                              c:/ac6/systemworkbench/plugins/fr.ac6.mcu.externaltools.arm-none.win32_1.17.0.201812190825/tools/compiler/bin/../lib/gcc/arm-none-eabi/7.3.1/../../../../arm-none-eabi/lib/thumb/v7e-m/fpv4-sp/hard\libc.a(lib_a-__call_atexit.o) (__retarget_lock_acquire_recursive)
c:/ac6/systemworkbench/plugins/fr.ac6.mcu.externaltools.arm-none.win32_1.17.0.201812190825/tools/compiler/bin/../lib/gcc/arm-none-eabi/7.3.1/../../../../arm-none-eabi/lib/thumb/v7e-m/fpv4-sp/hard\libc.a(lib_a-__atexit.o)
                              c:/ac6/systemworkbench/plugins/fr.ac6.mcu.externaltools.arm-none.win32_1.17.0.201812190825/tools/compiler/bin/../lib/gcc/arm-none-eabi/7.3.1/../../../../arm-none-eabi/lib/thumb/v7e-m/fpv4-sp/hard\libc.a(lib_a-atexit.o) (__register_exitproc)

Allocating common symbols
Common symbol       size              file

__lock___atexit_recursive_mutex
                    0x1               c:/ac6/systemworkbench/plugins/fr.ac6.mcu.externaltools.arm-none.win32_1.17.0.201812190825/tools/compiler/bin/../lib/gcc/arm-none-eabi/7.3.1/../../../../arm-none-eabi/lib/thumb/v7e-m/fpv4-sp/hard\libc.a(lib_a-lock.o)
__lock___arc4random_mutex
                    0x1               c:/ac6/systemworkbench/plugins/fr.ac6.mcu.externaltools.arm-none.win32_1.17.0.201812190825/tools/compiler/bin/../lib/gcc/arm-none-eabi/7.3.1/../../../../arm-none-eabi/lib/thumb/v7e-m/fpv4-sp/hard\libc.a(lib_a-lock.o)
__lock___env_recursive_mutex
                    0x1               c:/ac6/systemworkbench/plugins/fr.ac6.mcu.externaltools.arm-none.win32_1.17.0.201812190825/tools/compiler/bin/../lib/gcc/arm-none-eabi/7.3.1/../../../../arm-none-eabi/lib/thumb/v7e-m/fpv4-sp/hard\libc.a(lib_a-lock.o)
__lock___sinit_recursive_mutex
                    0x1               c:/ac6/systemworkbench/plugins/fr.ac6.mcu.externaltools.arm-none.win32_1.17.0.201812190825/tools/compiler/bin/../lib/gcc/arm-none-eabi/7.3.1/../../../../arm-none-eabi/lib/thumb/v7e-m/fpv4-sp/hard\libc.a(lib_a-lock.o)
__lock___malloc_recursive_mutex
                    0x1               c:/ac6/systemworkbench/plugins/fr.ac6.mcu.externaltools.arm-none.win32_1.17.0.201812190825/tools/compiler/bin/../lib/gcc/arm-none-eabi/7.3.1/../../../../arm-none-eabi/lib/thumb/v7e-m/fpv4-sp/hard\libc.a(lib_a-lock.o)
currentvalue        0x1               drivers/src/keypad.o
__lock___at_quick_exit_mutex
                    0x1               c:/ac6/systemworkbench/plugins/fr.ac6.mcu.externaltools.arm-none.win32_1.17.0.201812190825/tools/compiler/bin/../lib/gcc/arm-none-eabi/7.3.1/../../../../arm-none-eabi/lib/thumb/v7e-m/fpv4-sp/hard\libc.a(lib_a-lock.o)
__lock___dd_hash_mutex
                    0x1               c:/ac6/systemworkbench/plugins/fr.ac6.mcu.externaltools.arm-none.win32_1.17.0.201812190825/tools/compiler/bin/../lib/gcc/arm-none-eabi/7.3.1/../../../../arm-none-eabi/lib/thumb/v7e-m/fpv4-sp/hard\libc.a(lib_a-lock.o)
__lock___tz_mutex   0x1               c:/ac6/systemworkbench/plugins/fr.ac6.mcu.externaltools.arm-none.win32_1.17.0.201812190825/tools/compiler/bin/../lib/gcc/arm-none-eabi/7.3.1/../../../../arm-none-eabi/lib/thumb/v7e-m/fpv4-sp/hard\libc.a(lib_a-lock.o)
__lock___sfp_recursive_mutex
                    0x1               c:/ac6/systemworkbench/plugins/fr.ac6.mcu.externaltools.arm-none.win32_1.17.0.201812190825/tools/compiler/bin/../lib/gcc/arm-none-eabi/7.3.1/../../../../arm-none-eabi/lib/thumb/v7e-m/fpv4-sp/hard\libc.a(lib_a-lock.o)

Discarded input sections

 .text          0x00000000        0x0 c:/ac6/systemworkbench/plugins/fr.ac6.mcu.externaltools.arm-none.win32_1.17.0.201812190825/tools/compiler/bin/../lib/gcc/arm-none-eabi/7.3.1/thumb/v7e-m/fpv4-sp/hard/crti.o
 .data          0x00000000        0x0 c:/ac6/systemworkbench/plugins/fr.ac6.mcu.externaltools.arm-none.win32_1.17.0.201812190825/tools/compiler/bin/../lib/gcc/arm-none-eabi/7.3.1/thumb/v7e-m/fpv4-sp/hard/crti.o
 .bss           0x00000000        0x0 c:/ac6/systemworkbench/plugins/fr.ac6.mcu.externaltools.arm-none.win32_1.17.0.201812190825/tools/compiler/bin/../lib/gcc/arm-none-eabi/7.3.1/thumb/v7e-m/fpv4-sp/hard/crti.o
 .data          0x00000000        0x4 c:/ac6/systemworkbench/plugins/fr.ac6.mcu.externaltools.arm-none.win32_1.17.0.201812190825/tools/compiler/bin/../lib/gcc/arm-none-eabi/7.3.1/thumb/v7e-m/fpv4-sp/hard/crtbegin.o
 .text          0x00000000       0x74 c:/ac6/systemworkbench/plugins/fr.ac6.mcu.externaltools.arm-none.win32_1.17.0.201812190825/tools/compiler/bin/../lib/gcc/arm-none-eabi/7.3.1/../../../../arm-none-eabi/lib/thumb/v7e-m/fpv4-sp/hard/crt0.o
 .data          0x00000000        0x0 c:/ac6/systemworkbench/plugins/fr.ac6.mcu.externaltools.arm-none.win32_1.17.0.201812190825/tools/compiler/bin/../lib/gcc/arm-none-eabi/7.3.1/../../../../arm-none-eabi/lib/thumb/v7e-m/fpv4-sp/hard/crt0.o
 .bss           0x00000000        0x0 c:/ac6/systemworkbench/plugins/fr.ac6.mcu.externaltools.arm-none.win32_1.17.0.201812190825/tools/compiler/bin/../lib/gcc/arm-none-eabi/7.3.1/../../../../arm-none-eabi/lib/thumb/v7e-m/fpv4-sp/hard/crt0.o
 .ARM.extab     0x00000000        0x0 c:/ac6/systemworkbench/plugins/fr.ac6.mcu.externaltools.arm-none.win32_1.17.0.201812190825/tools/compiler/bin/../lib/gcc/arm-none-eabi/7.3.1/../../../../arm-none-eabi/lib/thumb/v7e-m/fpv4-sp/hard/crt0.o
 .ARM.exidx     0x00000000        0x8 c:/ac6/systemworkbench/plugins/fr.ac6.mcu.externaltools.arm-none.win32_1.17.0.201812190825/tools/compiler/bin/../lib/gcc/arm-none-eabi/7.3.1/../../../../arm-none-eabi/lib/thumb/v7e-m/fpv4-sp/hard/crt0.o
 .ARM.attributes
                0x00000000       0x20 c:/ac6/systemworkbench/plugins/fr.ac6.mcu.externaltools.arm-none.win32_1.17.0.201812190825/tools/compiler/bin/../lib/gcc/arm-none-eabi/7.3.1/../../../../arm-none-eabi/lib/thumb/v7e-m/fpv4-sp/hard/crt0.o
 .group         0x00000000        0xc drivers/src/gpio.o
 .group         0x00000000        0xc drivers/src/gpio.o
 .group         0x00000000        0xc drivers/src/gpio.o
 .group         0x00000000        0xc drivers/src/gpio.o
 .group         0x00000000        0xc drivers/src/gpio.o
 .group         0x00000000        0xc drivers/src/gpio.o
 .group         0x00000000        0xc drivers/src/gpio.o
 .group         0x00000000        0xc drivers/src/gpio.o
 .group         0x00000000        0xc drivers/src/gpio.o
 .group         0x00000000        0xc drivers/src/gpio.o
 .group         0x00000000        0xc drivers/src/gpio.o
 .group         0x00000000        0xc drivers/src/gpio.o
 .group         0x00000000        0xc drivers/src/gpio.o
 .text          0x00000000        0x0 drivers/src/gpio.o
 .data          0x00000000        0x0 drivers/src/gpio.o
 .bss           0x00000000        0x0 drivers/src/gpio.o
 .group         0x00000000        0xc drivers/src/keypad.o
 .group         0x00000000        0xc drivers/src/keypad.o
 .group         0x00000000        0xc drivers/src/keypad.o
 .group         0x00000000        0xc drivers/src/keypad.o
 .group         0x00000000        0xc drivers/src/keypad.o
 .group         0x00000000        0xc drivers/src/keypad.o
 .group         0x00000000        0xc drivers/src/keypad.o
 .group         0x00000000        0xc drivers/src/keypad.o
 .group         0x00000000        0xc drivers/src/keypad.o
 .group         0x00000000        0xc drivers/src/keypad.o
 .group         0x00000000        0xc drivers/src/keypad.o
 .group         0x00000000        0xc drivers/src/keypad.o
 .group         0x00000000        0xc drivers/src/keypad.o
 .text          0x00000000        0x0 drivers/src/keypad.o
 .bss           0x00000000        0x0 drivers/src/keypad.o
 .rodata        0x00000000        0x8 drivers/src/keypad.o
 .text.KeyPad_GET_VALUE
                0x00000000       0x18 drivers/src/keypad.o
 .debug_macro   0x00000000      0xa66 drivers/src/keypad.o
 .debug_macro   0x00000000       0x65 drivers/src/keypad.o
 .debug_macro   0x00000000       0x3b drivers/src/keypad.o
 .debug_macro   0x00000000       0x22 drivers/src/keypad.o
 .debug_macro   0x00000000       0x8e drivers/src/keypad.o
 .debug_macro   0x00000000       0x51 drivers/src/keypad.o
 .debug_macro   0x00000000       0xef drivers/src/keypad.o
 .debug_macro   0x00000000       0x6a drivers/src/keypad.o
 .debug_macro   0x00000000      0x1df drivers/src/keypad.o
 .debug_macro   0x00000000       0x34 drivers/src/keypad.o
 .debug_macro   0x00000000       0x26 drivers/src/keypad.o
 .debug_macro   0x00000000      0xe43 drivers/src/keypad.o
 .debug_macro   0x00000000     0x800a drivers/src/keypad.o
 .group         0x00000000        0xc src/main.o
 .text          0x00000000        0x0 src/main.o
 .data          0x00000000        0x0 src/main.o
 .bss           0x00000000        0x0 src/main.o
 .debug_macro   0x00000000      0xa66 src/main.o
 .group         0x00000000        0xc src/syscalls.o
 .group         0x00000000        0xc src/syscalls.o
 .group         0x00000000        0xc src/syscalls.o
 .group         0x00000000        0xc src/syscalls.o
 .group         0x00000000        0xc src/syscalls.o
 .group         0x00000000        0xc src/syscalls.o
 .group         0x00000000        0xc src/syscalls.o
 .group         0x00000000        0xc src/syscalls.o
 .group         0x00000000        0xc src/syscalls.o
 .group         0x00000000        0xc src/syscalls.o
 .group         0x00000000        0xc src/syscalls.o
 .group         0x00000000        0xc src/syscalls.o
 .group         0x00000000        0xc src/syscalls.o
 .group         0x00000000        0xc src/syscalls.o
 .group         0x00000000        0xc src/syscalls.o
 .group         0x00000000        0xc src/syscalls.o
 .group         0x00000000        0xc src/syscalls.o
 .group         0x00000000        0xc src/syscalls.o
 .group         0x00000000        0xc src/syscalls.o
 .group         0x00000000        0xc src/syscalls.o
 .group         0x00000000        0xc src/syscalls.o
 .group         0x00000000        0xc src/syscalls.o
 .group         0x00000000        0xc src/syscalls.o
 .group         0x00000000        0xc src/syscalls.o
 .group         0x00000000        0xc src/syscalls.o
 .group         0x00000000        0xc src/syscalls.o
 .group         0x00000000        0xc src/syscalls.o
 .group         0x00000000        0xc src/syscalls.o
 .group         0x00000000        0xc src/syscalls.o
 .group         0x00000000        0xc src/syscalls.o
 .group         0x00000000        0xc src/syscalls.o
 .group         0x00000000        0xc src/syscalls.o
 .group         0x00000000        0xc src/syscalls.o
 .group         0x00000000        0xc src/syscalls.o
 .group         0x00000000        0xc src/syscalls.o
 .group         0x00000000        0xc src/syscalls.o
 .group         0x00000000        0xc src/syscalls.o
 .group         0x00000000        0xc src/syscalls.o
 .group         0x00000000        0xc src/syscalls.o
 .group         0x00000000        0xc src/syscalls.o
 .group         0x00000000        0xc src/syscalls.o
 .group         0x00000000        0xc src/syscalls.o
 .group         0x00000000        0xc src/syscalls.o
 .group         0x00000000        0xc src/syscalls.o
 .text          0x00000000        0x0 src/syscalls.o
 .data          0x00000000        0x4 src/syscalls.o
 .bss           0x00000000        0x8 src/syscalls.o
 .text.initialise_monitor_handles
                0x00000000        0xe src/syscalls.o
 .text._getpid  0x00000000       0x10 src/syscalls.o
 .text._kill    0x00000000       0x20 src/syscalls.o
 .text._exit    0x00000000       0x14 src/syscalls.o
 .text._read    0x00000000       0x3a src/syscalls.o
 .text._write   0x00000000       0x38 src/syscalls.o
 .text._sbrk    0x00000000       0x58 src/syscalls.o
 .text._close   0x00000000       0x18 src/syscalls.o
 .text._fstat   0x00000000       0x20 src/syscalls.o
 .text._isatty  0x00000000       0x16 src/syscalls.o
 .text._lseek   0x00000000       0x1a src/syscalls.o
 .text._open    0x00000000       0x1c src/syscalls.o
 .text._wait    0x00000000       0x1e src/syscalls.o
 .text._unlink  0x00000000       0x1e src/syscalls.o
 .text._times   0x00000000       0x18 src/syscalls.o
 .text._stat    0x00000000       0x20 src/syscalls.o
 .text._link    0x00000000       0x20 src/syscalls.o
 .text._fork    0x00000000       0x16 src/syscalls.o
 .text._execve  0x00000000       0x22 src/syscalls.o
 .debug_info    0x00000000      0xf2e src/syscalls.o
 .debug_abbrev  0x00000000      0x2aa src/syscalls.o
 .debug_aranges
                0x00000000       0xb0 src/syscalls.o
 .debug_ranges  0x00000000       0xa0 src/syscalls.o
 .debug_macro   0x00000000      0x243 src/syscalls.o
 .debug_macro   0x00000000      0xa66 src/syscalls.o
 .debug_macro   0x00000000       0x22 src/syscalls.o
 .debug_macro   0x00000000       0x58 src/syscalls.o
 .debug_macro   0x00000000       0x18 src/syscalls.o
 .debug_macro   0x00000000       0x94 src/syscalls.o
 .debug_macro   0x00000000       0x35 src/syscalls.o
 .debug_macro   0x00000000       0x34 src/syscalls.o
 .debug_macro   0x00000000       0x57 src/syscalls.o
 .debug_macro   0x00000000      0x174 src/syscalls.o
 .debug_macro   0x00000000      0x330 src/syscalls.o
 .debug_macro   0x00000000       0x58 src/syscalls.o
 .debug_macro   0x00000000       0x1f src/syscalls.o
 .debug_macro   0x00000000       0x43 src/syscalls.o
 .debug_macro   0x00000000       0x20 src/syscalls.o
 .debug_macro   0x00000000      0x18e src/syscalls.o
 .debug_macro   0x00000000       0x10 src/syscalls.o
 .debug_macro   0x00000000       0x35 src/syscalls.o
 .debug_macro   0x00000000       0x10 src/syscalls.o
 .debug_macro   0x00000000       0x10 src/syscalls.o
 .debug_macro   0x00000000       0x10 src/syscalls.o
 .debug_macro   0x00000000       0x6a src/syscalls.o
 .debug_macro   0x00000000       0x1c src/syscalls.o
 .debug_macro   0x00000000       0x52 src/syscalls.o
 .debug_macro   0x00000000       0x40 src/syscalls.o
 .debug_macro   0x00000000       0x10 src/syscalls.o
 .debug_macro   0x00000000       0x40 src/syscalls.o
 .debug_macro   0x00000000       0xd7 src/syscalls.o
 .debug_macro   0x00000000       0x1c src/syscalls.o
 .debug_macro   0x00000000       0x3d src/syscalls.o
 .debug_macro   0x00000000       0x35 src/syscalls.o
 .debug_macro   0x00000000      0x122 src/syscalls.o
 .debug_macro   0x00000000       0x16 src/syscalls.o
 .debug_macro   0x00000000       0x16 src/syscalls.o
 .debug_macro   0x00000000       0x29 src/syscalls.o
 .debug_macro   0x00000000       0x10 src/syscalls.o
 .debug_macro   0x00000000      0x241 src/syscalls.o
 .debug_macro   0x00000000       0x1c src/syscalls.o
 .debug_macro   0x00000000       0x10 src/syscalls.o
 .debug_macro   0x00000000       0x10 src/syscalls.o
 .debug_macro   0x00000000       0x16 src/syscalls.o
 .debug_macro   0x00000000      0x16f src/syscalls.o
 .debug_macro   0x00000000      0x189 src/syscalls.o
 .debug_macro   0x00000000       0x16 src/syscalls.o
 .debug_macro   0x00000000       0x88 src/syscalls.o
 .debug_line    0x00000000      0x5df src/syscalls.o
 .debug_str     0x00000000     0x8582 src/syscalls.o
 .comment       0x00000000       0x80 src/syscalls.o
 .debug_frame   0x00000000      0x2d0 src/syscalls.o
 .ARM.attributes
                0x00000000       0x39 src/syscalls.o
 .group         0x00000000        0xc src/system_stm32f4xx.o
 .group         0x00000000        0xc src/system_stm32f4xx.o
 .group         0x00000000        0xc src/system_stm32f4xx.o
 .group         0x00000000        0xc src/system_stm32f4xx.o
 .group         0x00000000        0xc src/system_stm32f4xx.o
 .group         0x00000000        0xc src/system_stm32f4xx.o
 .group         0x00000000        0xc src/system_stm32f4xx.o
 .group         0x00000000        0xc src/system_stm32f4xx.o
 .group         0x00000000        0xc src/system_stm32f4xx.o
 .group         0x00000000        0xc src/system_stm32f4xx.o
 .group         0x00000000        0xc src/system_stm32f4xx.o
 .group         0x00000000        0xc src/system_stm32f4xx.o
 .group         0x00000000        0xc src/system_stm32f4xx.o
 .text          0x00000000        0x0 src/system_stm32f4xx.o
 .data          0x00000000       0x14 src/system_stm32f4xx.o
 .bss           0x00000000        0x0 src/system_stm32f4xx.o
 .text.SystemCoreClockUpdate
                0x00000000       0xf8 src/system_stm32f4xx.o
 .debug_macro   0x00000000      0xa66 src/system_stm32f4xx.o
 .debug_macro   0x00000000       0x65 src/system_stm32f4xx.o
 .debug_macro   0x00000000       0x3b src/system_stm32f4xx.o
 .debug_macro   0x00000000       0x22 src/system_stm32f4xx.o
 .debug_macro   0x00000000       0x8e src/system_stm32f4xx.o
 .debug_macro   0x00000000       0x51 src/system_stm32f4xx.o
 .debug_macro   0x00000000       0xef src/system_stm32f4xx.o
 .debug_macro   0x00000000       0x6a src/system_stm32f4xx.o
 .debug_macro   0x00000000      0x1df src/system_stm32f4xx.o
 .debug_macro   0x00000000       0x34 src/system_stm32f4xx.o
 .debug_macro   0x00000000       0x26 src/system_stm32f4xx.o
 .debug_macro   0x00000000      0xe43 src/system_stm32f4xx.o
 .debug_macro   0x00000000     0x800a src/system_stm32f4xx.o
 .text          0x00000000       0x14 startup/startup_stm32.o
 .data          0x00000000        0x0 startup/startup_stm32.o
 .bss           0x00000000        0x0 startup/startup_stm32.o
 .text          0x00000000        0x0 c:/ac6/systemworkbench/plugins/fr.ac6.mcu.externaltools.arm-none.win32_1.17.0.201812190825/tools/compiler/bin/../lib/gcc/arm-none-eabi/7.3.1/../../../../arm-none-eabi/lib/thumb/v7e-m/fpv4-sp/hard\libc.a(lib_a-errno.o)
 .data          0x00000000        0x0 c:/ac6/systemworkbench/plugins/fr.ac6.mcu.externaltools.arm-none.win32_1.17.0.201812190825/tools/compiler/bin/../lib/gcc/arm-none-eabi/7.3.1/../../../../arm-none-eabi/lib/thumb/v7e-m/fpv4-sp/hard\libc.a(lib_a-errno.o)
 .bss           0x00000000        0x0 c:/ac6/systemworkbench/plugins/fr.ac6.mcu.externaltools.arm-none.win32_1.17.0.201812190825/tools/compiler/bin/../lib/gcc/arm-none-eabi/7.3.1/../../../../arm-none-eabi/lib/thumb/v7e-m/fpv4-sp/hard\libc.a(lib_a-errno.o)
 .text.__errno  0x00000000        0xc c:/ac6/systemworkbench/plugins/fr.ac6.mcu.externaltools.arm-none.win32_1.17.0.201812190825/tools/compiler/bin/../lib/gcc/arm-none-eabi/7.3.1/../../../../arm-none-eabi/lib/thumb/v7e-m/fpv4-sp/hard\libc.a(lib_a-errno.o)
 .debug_frame   0x00000000       0x20 c:/ac6/systemworkbench/plugins/fr.ac6.mcu.externaltools.arm-none.win32_1.17.0.201812190825/tools/compiler/bin/../lib/gcc/arm-none-eabi/7.3.1/../../../../arm-none-eabi/lib/thumb/v7e-m/fpv4-sp/hard\libc.a(lib_a-errno.o)
 .ARM.attributes
                0x00000000       0x34 c:/ac6/systemworkbench/plugins/fr.ac6.mcu.externaltools.arm-none.win32_1.17.0.201812190825/tools/compiler/bin/../lib/gcc/arm-none-eabi/7.3.1/../../../../arm-none-eabi/lib/thumb/v7e-m/fpv4-sp/hard\libc.a(lib_a-errno.o)
 .text          0x00000000        0x0 c:/ac6/systemworkbench/plugins/fr.ac6.mcu.externaltools.arm-none.win32_1.17.0.201812190825/tools/compiler/bin/../lib/gcc/arm-none-eabi/7.3.1/../../../../arm-none-eabi/lib/thumb/v7e-m/fpv4-sp/hard\libc.a(lib_a-exit.o)
 .data          0x00000000        0x0 c:/ac6/systemworkbench/plugins/fr.ac6.mcu.externaltools.arm-none.win32_1.17.0.201812190825/tools/compiler/bin/../lib/gcc/arm-none-eabi/7.3.1/../../../../arm-none-eabi/lib/thumb/v7e-m/fpv4-sp/hard\libc.a(lib_a-exit.o)
 .bss           0x00000000        0x0 c:/ac6/systemworkbench/plugins/fr.ac6.mcu.externaltools.arm-none.win32_1.17.0.201812190825/tools/compiler/bin/../lib/gcc/arm-none-eabi/7.3.1/../../../../arm-none-eabi/lib/thumb/v7e-m/fpv4-sp/hard\libc.a(lib_a-exit.o)
 .text.exit     0x00000000       0x20 c:/ac6/systemworkbench/plugins/fr.ac6.mcu.externaltools.arm-none.win32_1.17.0.201812190825/tools/compiler/bin/../lib/gcc/arm-none-eabi/7.3.1/../../../../arm-none-eabi/lib/thumb/v7e-m/fpv4-sp/hard\libc.a(lib_a-exit.o)
 .debug_frame   0x00000000       0x28 c:/ac6/systemworkbench/plugins/fr.ac6.mcu.externaltools.arm-none.win32_1.17.0.201812190825/tools/compiler/bin/../lib/gcc/arm-none-eabi/7.3.1/../../../../arm-none-eabi/lib/thumb/v7e-m/fpv4-sp/hard\libc.a(lib_a-exit.o)
 .ARM.attributes
                0x00000000       0x34 c:/ac6/systemworkbench/plugins/fr.ac6.mcu.externaltools.arm-none.win32_1.17.0.201812190825/tools/compiler/bin/../lib/gcc/arm-none-eabi/7.3.1/../../../../arm-none-eabi/lib/thumb/v7e-m/fpv4-sp/hard\libc.a(lib_a-exit.o)
 .text          0x00000000        0x0 c:/ac6/systemworkbench/plugins/fr.ac6.mcu.externaltools.arm-none.win32_1.17.0.201812190825/tools/compiler/bin/../lib/gcc/arm-none-eabi/7.3.1/../../../../arm-none-eabi/lib/thumb/v7e-m/fpv4-sp/hard\libc.a(lib_a-impure.o)
 .data          0x00000000        0x0 c:/ac6/systemworkbench/plugins/fr.ac6.mcu.externaltools.arm-none.win32_1.17.0.201812190825/tools/compiler/bin/../lib/gcc/arm-none-eabi/7.3.1/../../../../arm-none-eabi/lib/thumb/v7e-m/fpv4-sp/hard\libc.a(lib_a-impure.o)
 .bss           0x00000000        0x0 c:/ac6/systemworkbench/plugins/fr.ac6.mcu.externaltools.arm-none.win32_1.17.0.201812190825/tools/compiler/bin/../lib/gcc/arm-none-eabi/7.3.1/../../../../arm-none-eabi/lib/thumb/v7e-m/fpv4-sp/hard\libc.a(lib_a-impure.o)
 .data._impure_ptr
                0x00000000        0x4 c:/ac6/systemworkbench/plugins/fr.ac6.mcu.externaltools.arm-none.win32_1.17.0.201812190825/tools/compiler/bin/../lib/gcc/arm-none-eabi/7.3.1/../../../../arm-none-eabi/lib/thumb/v7e-m/fpv4-sp/hard\libc.a(lib_a-impure.o)
 .text          0x00000000        0x0 c:/ac6/systemworkbench/plugins/fr.ac6.mcu.externaltools.arm-none.win32_1.17.0.201812190825/tools/compiler/bin/../lib/gcc/arm-none-eabi/7.3.1/../../../../arm-none-eabi/lib/thumb/v7e-m/fpv4-sp/hard\libc.a(lib_a-init.o)
 .data          0x00000000        0x0 c:/ac6/systemworkbench/plugins/fr.ac6.mcu.externaltools.arm-none.win32_1.17.0.201812190825/tools/compiler/bin/../lib/gcc/arm-none-eabi/7.3.1/../../../../arm-none-eabi/lib/thumb/v7e-m/fpv4-sp/hard\libc.a(lib_a-init.o)
 .bss           0x00000000        0x0 c:/ac6/systemworkbench/plugins/fr.ac6.mcu.externaltools.arm-none.win32_1.17.0.201812190825/tools/compiler/bin/../lib/gcc/arm-none-eabi/7.3.1/../../../../arm-none-eabi/lib/thumb/v7e-m/fpv4-sp/hard\libc.a(lib_a-init.o)
 .text          0x00000000        0x0 c:/ac6/systemworkbench/plugins/fr.ac6.mcu.externaltools.arm-none.win32_1.17.0.201812190825/tools/compiler/bin/../lib/gcc/arm-none-eabi/7.3.1/../../../../arm-none-eabi/lib/thumb/v7e-m/fpv4-sp/hard\libc.a(lib_a-memset.o)
 .data          0x00000000        0x0 c:/ac6/systemworkbench/plugins/fr.ac6.mcu.externaltools.arm-none.win32_1.17.0.201812190825/tools/compiler/bin/../lib/gcc/arm-none-eabi/7.3.1/../../../../arm-none-eabi/lib/thumb/v7e-m/fpv4-sp/hard\libc.a(lib_a-memset.o)
 .bss           0x00000000        0x0 c:/ac6/systemworkbench/plugins/fr.ac6.mcu.externaltools.arm-none.win32_1.17.0.201812190825/tools/compiler/bin/../lib/gcc/arm-none-eabi/7.3.1/../../../../arm-none-eabi/lib/thumb/v7e-m/fpv4-sp/hard\libc.a(lib_a-memset.o)
 .text.memset   0x00000000       0x94 c:/ac6/systemworkbench/plugins/fr.ac6.mcu.externaltools.arm-none.win32_1.17.0.201812190825/tools/compiler/bin/../lib/gcc/arm-none-eabi/7.3.1/../../../../arm-none-eabi/lib/thumb/v7e-m/fpv4-sp/hard\libc.a(lib_a-memset.o)
 .debug_frame   0x00000000       0x38 c:/ac6/systemworkbench/plugins/fr.ac6.mcu.externaltools.arm-none.win32_1.17.0.201812190825/tools/compiler/bin/../lib/gcc/arm-none-eabi/7.3.1/../../../../arm-none-eabi/lib/thumb/v7e-m/fpv4-sp/hard\libc.a(lib_a-memset.o)
 .ARM.attributes
                0x00000000       0x34 c:/ac6/systemworkbench/plugins/fr.ac6.mcu.externaltools.arm-none.win32_1.17.0.201812190825/tools/compiler/bin/../lib/gcc/arm-none-eabi/7.3.1/../../../../arm-none-eabi/lib/thumb/v7e-m/fpv4-sp/hard\libc.a(lib_a-memset.o)
 .text          0x00000000        0x0 c:/ac6/systemworkbench/plugins/fr.ac6.mcu.externaltools.arm-none.win32_1.17.0.201812190825/tools/compiler/bin/../lib/gcc/arm-none-eabi/7.3.1/../../../../arm-none-eabi/lib/thumb/v7e-m/fpv4-sp/hard\libc.a(lib_a-__call_atexit.o)
 .data          0x00000000        0x0 c:/ac6/systemworkbench/plugins/fr.ac6.mcu.externaltools.arm-none.win32_1.17.0.201812190825/tools/compiler/bin/../lib/gcc/arm-none-eabi/7.3.1/../../../../arm-none-eabi/lib/thumb/v7e-m/fpv4-sp/hard\libc.a(lib_a-__call_atexit.o)
 .bss           0x00000000        0x0 c:/ac6/systemworkbench/plugins/fr.ac6.mcu.externaltools.arm-none.win32_1.17.0.201812190825/tools/compiler/bin/../lib/gcc/arm-none-eabi/7.3.1/../../../../arm-none-eabi/lib/thumb/v7e-m/fpv4-sp/hard\libc.a(lib_a-__call_atexit.o)
 .text.__call_exitprocs
                0x00000000       0xe8 c:/ac6/systemworkbench/plugins/fr.ac6.mcu.externaltools.arm-none.win32_1.17.0.201812190825/tools/compiler/bin/../lib/gcc/arm-none-eabi/7.3.1/../../../../arm-none-eabi/lib/thumb/v7e-m/fpv4-sp/hard\libc.a(lib_a-__call_atexit.o)
 .text          0x00000000        0x0 c:/ac6/systemworkbench/plugins/fr.ac6.mcu.externaltools.arm-none.win32_1.17.0.201812190825/tools/compiler/bin/../lib/gcc/arm-none-eabi/7.3.1/../../../../arm-none-eabi/lib/thumb/v7e-m/fpv4-sp/hard\libc.a(lib_a-atexit.o)
 .data          0x00000000        0x0 c:/ac6/systemworkbench/plugins/fr.ac6.mcu.externaltools.arm-none.win32_1.17.0.201812190825/tools/compiler/bin/../lib/gcc/arm-none-eabi/7.3.1/../../../../arm-none-eabi/lib/thumb/v7e-m/fpv4-sp/hard\libc.a(lib_a-atexit.o)
 .bss           0x00000000        0x0 c:/ac6/systemworkbench/plugins/fr.ac6.mcu.externaltools.arm-none.win32_1.17.0.201812190825/tools/compiler/bin/../lib/gcc/arm-none-eabi/7.3.1/../../../../arm-none-eabi/lib/thumb/v7e-m/fpv4-sp/hard\libc.a(lib_a-atexit.o)
 .text          0x00000000        0x0 c:/ac6/systemworkbench/plugins/fr.ac6.mcu.externaltools.arm-none.win32_1.17.0.201812190825/tools/compiler/bin/../lib/gcc/arm-none-eabi/7.3.1/../../../../arm-none-eabi/lib/thumb/v7e-m/fpv4-sp/hard\libc.a(lib_a-fini.o)
 .data          0x00000000        0x0 c:/ac6/systemworkbench/plugins/fr.ac6.mcu.externaltools.arm-none.win32_1.17.0.201812190825/tools/compiler/bin/../lib/gcc/arm-none-eabi/7.3.1/../../../../arm-none-eabi/lib/thumb/v7e-m/fpv4-sp/hard\libc.a(lib_a-fini.o)
 .bss           0x00000000        0x0 c:/ac6/systemworkbench/plugins/fr.ac6.mcu.externaltools.arm-none.win32_1.17.0.201812190825/tools/compiler/bin/../lib/gcc/arm-none-eabi/7.3.1/../../../../arm-none-eabi/lib/thumb/v7e-m/fpv4-sp/hard\libc.a(lib_a-fini.o)
 .text          0x00000000        0x0 c:/ac6/systemworkbench/plugins/fr.ac6.mcu.externaltools.arm-none.win32_1.17.0.201812190825/tools/compiler/bin/../lib/gcc/arm-none-eabi/7.3.1/../../../../arm-none-eabi/lib/thumb/v7e-m/fpv4-sp/hard\libc.a(lib_a-lock.o)
 .data          0x00000000        0x0 c:/ac6/systemworkbench/plugins/fr.ac6.mcu.externaltools.arm-none.win32_1.17.0.201812190825/tools/compiler/bin/../lib/gcc/arm-none-eabi/7.3.1/../../../../arm-none-eabi/lib/thumb/v7e-m/fpv4-sp/hard\libc.a(lib_a-lock.o)
 .bss           0x00000000        0x0 c:/ac6/systemworkbench/plugins/fr.ac6.mcu.externaltools.arm-none.win32_1.17.0.201812190825/tools/compiler/bin/../lib/gcc/arm-none-eabi/7.3.1/../../../../arm-none-eabi/lib/thumb/v7e-m/fpv4-sp/hard\libc.a(lib_a-lock.o)
 .text.__retarget_lock_init
                0x00000000        0x4 c:/ac6/systemworkbench/plugins/fr.ac6.mcu.externaltools.arm-none.win32_1.17.0.201812190825/tools/compiler/bin/../lib/gcc/arm-none-eabi/7.3.1/../../../../arm-none-eabi/lib/thumb/v7e-m/fpv4-sp/hard\libc.a(lib_a-lock.o)
 .text.__retarget_lock_init_recursive
                0x00000000        0x4 c:/ac6/systemworkbench/plugins/fr.ac6.mcu.externaltools.arm-none.win32_1.17.0.201812190825/tools/compiler/bin/../lib/gcc/arm-none-eabi/7.3.1/../../../../arm-none-eabi/lib/thumb/v7e-m/fpv4-sp/hard\libc.a(lib_a-lock.o)
 .text.__retarget_lock_close
                0x00000000        0x4 c:/ac6/systemworkbench/plugins/fr.ac6.mcu.externaltools.arm-none.win32_1.17.0.201812190825/tools/compiler/bin/../lib/gcc/arm-none-eabi/7.3.1/../../../../arm-none-eabi/lib/thumb/v7e-m/fpv4-sp/hard\libc.a(lib_a-lock.o)
 .text.__retarget_lock_close_recursive
                0x00000000        0x4 c:/ac6/systemworkbench/plugins/fr.ac6.mcu.externaltools.arm-none.win32_1.17.0.201812190825/tools/compiler/bin/../lib/gcc/arm-none-eabi/7.3.1/../../../../arm-none-eabi/lib/thumb/v7e-m/fpv4-sp/hard\libc.a(lib_a-lock.o)
 .text.__retarget_lock_acquire
                0x00000000        0x4 c:/ac6/systemworkbench/plugins/fr.ac6.mcu.externaltools.arm-none.win32_1.17.0.201812190825/tools/compiler/bin/../lib/gcc/arm-none-eabi/7.3.1/../../../../arm-none-eabi/lib/thumb/v7e-m/fpv4-sp/hard\libc.a(lib_a-lock.o)
 .text.__retarget_lock_try_acquire
                0x00000000        0x4 c:/ac6/systemworkbench/plugins/fr.ac6.mcu.externaltools.arm-none.win32_1.17.0.201812190825/tools/compiler/bin/../lib/gcc/arm-none-eabi/7.3.1/../../../../arm-none-eabi/lib/thumb/v7e-m/fpv4-sp/hard\libc.a(lib_a-lock.o)
 .text.__retarget_lock_try_acquire_recursive
                0x00000000        0x4 c:/ac6/systemworkbench/plugins/fr.ac6.mcu.externaltools.arm-none.win32_1.17.0.201812190825/tools/compiler/bin/../lib/gcc/arm-none-eabi/7.3.1/../../../../arm-none-eabi/lib/thumb/v7e-m/fpv4-sp/hard\libc.a(lib_a-lock.o)
 .text.__retarget_lock_release
                0x00000000        0x4 c:/ac6/systemworkbench/plugins/fr.ac6.mcu.externaltools.arm-none.win32_1.17.0.201812190825/tools/compiler/bin/../lib/gcc/arm-none-eabi/7.3.1/../../../../arm-none-eabi/lib/thumb/v7e-m/fpv4-sp/hard\libc.a(lib_a-lock.o)
 .text          0x00000000        0x0 c:/ac6/systemworkbench/plugins/fr.ac6.mcu.externaltools.arm-none.win32_1.17.0.201812190825/tools/compiler/bin/../lib/gcc/arm-none-eabi/7.3.1/../../../../arm-none-eabi/lib/thumb/v7e-m/fpv4-sp/hard\libc.a(lib_a-__atexit.o)
 .data          0x00000000        0x0 c:/ac6/systemworkbench/plugins/fr.ac6.mcu.externaltools.arm-none.win32_1.17.0.201812190825/tools/compiler/bin/../lib/gcc/arm-none-eabi/7.3.1/../../../../arm-none-eabi/lib/thumb/v7e-m/fpv4-sp/hard\libc.a(lib_a-__atexit.o)
 .bss           0x00000000        0x0 c:/ac6/systemworkbench/plugins/fr.ac6.mcu.externaltools.arm-none.win32_1.17.0.201812190825/tools/compiler/bin/../lib/gcc/arm-none-eabi/7.3.1/../../../../arm-none-eabi/lib/thumb/v7e-m/fpv4-sp/hard\libc.a(lib_a-__atexit.o)
 .text          0x00000000        0x0 c:/ac6/systemworkbench/plugins/fr.ac6.mcu.externaltools.arm-none.win32_1.17.0.201812190825/tools/compiler/bin/../lib/gcc/arm-none-eabi/7.3.1/thumb/v7e-m/fpv4-sp/hard/crtend.o
 .data          0x00000000        0x0 c:/ac6/systemworkbench/plugins/fr.ac6.mcu.externaltools.arm-none.win32_1.17.0.201812190825/tools/compiler/bin/../lib/gcc/arm-none-eabi/7.3.1/thumb/v7e-m/fpv4-sp/hard/crtend.o
 .bss           0x00000000        0x0 c:/ac6/systemworkbench/plugins/fr.ac6.mcu.externaltools.arm-none.win32_1.17.0.201812190825/tools/compiler/bin/../lib/gcc/arm-none-eabi/7.3.1/thumb/v7e-m/fpv4-sp/hard/crtend.o
 .eh_frame      0x00000000        0x4 c:/ac6/systemworkbench/plugins/fr.ac6.mcu.externaltools.arm-none.win32_1.17.0.201812190825/tools/compiler/bin/../lib/gcc/arm-none-eabi/7.3.1/thumb/v7e-m/fpv4-sp/hard/crtend.o
 .ARM.attributes
                0x00000000       0x34 c:/ac6/systemworkbench/plugins/fr.ac6.mcu.externaltools.arm-none.win32_1.17.0.201812190825/tools/compiler/bin/../lib/gcc/arm-none-eabi/7.3.1/thumb/v7e-m/fpv4-sp/hard/crtend.o
 .text          0x00000000        0x0 c:/ac6/systemworkbench/plugins/fr.ac6.mcu.externaltools.arm-none.win32_1.17.0.201812190825/tools/compiler/bin/../lib/gcc/arm-none-eabi/7.3.1/thumb/v7e-m/fpv4-sp/hard/crtn.o
 .data          0x00000000        0x0 c:/ac6/systemworkbench/plugins/fr.ac6.mcu.externaltools.arm-none.win32_1.17.0.201812190825/tools/compiler/bin/../lib/gcc/arm-none-eabi/7.3.1/thumb/v7e-m/fpv4-sp/hard/crtn.o
 .bss           0x00000000        0x0 c:/ac6/systemworkbench/plugins/fr.ac6.mcu.externaltools.arm-none.win32_1.17.0.201812190825/tools/compiler/bin/../lib/gcc/arm-none-eabi/7.3.1/thumb/v7e-m/fpv4-sp/hard/crtn.o

Memory Configuration

Name             Origin             Length             Attributes
RAM              0x20000000         0x00010000         xrw
ROM              0x08000000         0x00040000         xr
*default*        0x00000000         0xffffffff

Linker script and memory map

LOAD c:/ac6/systemworkbench/plugins/fr.ac6.mcu.externaltools.arm-none.win32_1.17.0.201812190825/tools/compiler/bin/../lib/gcc/arm-none-eabi/7.3.1/thumb/v7e-m/fpv4-sp/hard/crti.o
LOAD c:/ac6/systemworkbench/plugins/fr.ac6.mcu.externaltools.arm-none.win32_1.17.0.201812190825/tools/compiler/bin/../lib/gcc/arm-none-eabi/7.3.1/thumb/v7e-m/fpv4-sp/hard/crtbegin.o
LOAD c:/ac6/systemworkbench/plugins/fr.ac6.mcu.externaltools.arm-none.win32_1.17.0.201812190825/tools/compiler/bin/../lib/gcc/arm-none-eabi/7.3.1/../../../../arm-none-eabi/lib/thumb/v7e-m/fpv4-sp/hard/crt0.o
LOAD drivers/src/gpio.o
LOAD drivers/src/keypad.o
LOAD src/main.o
LOAD src/syscalls.o
LOAD src/system_stm32f4xx.o
LOAD startup/startup_stm32.o
LOAD c:/ac6/systemworkbench/plugins/fr.ac6.mcu.externaltools.arm-none.win32_1.17.0.201812190825/tools/compiler/bin/../lib/gcc/arm-none-eabi/7.3.1/../../../../arm-none-eabi/lib/thumb/v7e-m/fpv4-sp/hard\libm.a
START GROUP
LOAD c:/ac6/systemworkbench/plugins/fr.ac6.mcu.externaltools.arm-none.win32_1.17.0.201812190825/tools/compiler/bin/../lib/gcc/arm-none-eabi/7.3.1/thumb/v7e-m/fpv4-sp/hard\libgcc.a
LOAD c:/ac6/systemworkbench/plugins/fr.ac6.mcu.externaltools.arm-none.win32_1.17.0.201812190825/tools/compiler/bin/../lib/gcc/arm-none-eabi/7.3.1/../../../../arm-none-eabi/lib/thumb/v7e-m/fpv4-sp/hard\libc.a
END GROUP
LOAD c:/ac6/systemworkbench/plugins/fr.ac6.mcu.externaltools.arm-none.win32_1.17.0.201812190825/tools/compiler/bin/../lib/gcc/arm-none-eabi/7.3.1/thumb/v7e-m/fpv4-sp/hard/crtend.o
LOAD c:/ac6/systemworkbench/plugins/fr.ac6.mcu.externaltools.arm-none.win32_1.17.0.201812190825/tools/compiler/bin/../lib/gcc/arm-none-eabi/7.3.1/thumb/v7e-m/fpv4-sp/hard/crtn.o
                0x20010000                _estack = 0x20010000
                0x00000000                _Min_Heap_Size = 0x0
                0x00000400                _Min_Stack_Size = 0x400

.isr_vector     0x08000000      0x194
                0x08000000                . = ALIGN (0x4)
 *(.isr_vector)
 .isr_vector    0x08000000      0x194 startup/startup_stm32.o
                0x08000000                g_pfnVectors
                0x08000194                . = ALIGN (0x4)

.text           0x08000194      0x704
                0x08000194                . = ALIGN (0x4)
 *(.text)
 .text          0x08000194       0x40 c:/ac6/systemworkbench/plugins/fr.ac6.mcu.externaltools.arm-none.win32_1.17.0.201812190825/tools/compiler/bin/../lib/gcc/arm-none-eabi/7.3.1/thumb/v7e-m/fpv4-sp/hard/crtbegin.o
 *(.text*)
 .text.GPIO_Init
                0x080001d4       0xa0 drivers/src/gpio.o
                0x080001d4                GPIO_Init
 .text.GPIO_Write
                0x08000274       0x64 drivers/src/gpio.o
                0x08000274                GPIO_Write
 .text.GPIO_Read
                0x080002d8       0x44 drivers/src/gpio.o
                0x080002d8                GPIO_Read
 .text.pull_up  0x0800031c       0x44 drivers/src/gpio.o
                0x0800031c                pull_up
 .text.KeyPad_INIT
                0x08000360       0x8c drivers/src/keypad.o
                0x08000360                KeyPad_INIT
 .text.KeyPad_MANAGE
                0x080003ec       0xf4 drivers/src/keypad.o
                0x080003ec                KeyPad_MANAGE
 .text.KeypadCallouts_KeyPressNotificaton
                0x080004e0       0x74 drivers/src/keypad.o
                0x080004e0                KeypadCallouts_KeyPressNotificaton
 .text.main     0x08000554       0x12 src/main.o
                0x08000554                main
 *fill*         0x08000566        0x2 
 .text.SystemInit
                0x08000568       0x6c src/system_stm32f4xx.o
                0x08000568                SystemInit
 .text.SetSysClock
                0x080005d4       0xf4 src/system_stm32f4xx.o
 .text.Reset_Handler
                0x080006c8       0x50 startup/startup_stm32.o
                0x080006c8                Reset_Handler
 .text.Default_Handler
                0x08000718        0x2 startup/startup_stm32.o
                0x08000718                RTC_Alarm_IRQHandler
                0x08000718                EXTI2_IRQHandler
                0x08000718                DebugMon_Handler
                0x08000718                SPI4_IRQHandler
                0x08000718                TIM1_CC_IRQHandler
                0x08000718                HardFault_Handler
                0x08000718                SysTick_Handler
                0x08000718                PVD_IRQHandler
                0x08000718                SDIO_IRQHandler
                0x08000718                TAMP_STAMP_IRQHandler
                0x08000718                PendSV_Handler
                0x08000718                NMI_Handler
                0x08000718                EXTI3_IRQHandler
                0x08000718                TIM1_UP_TIM10_IRQHandler
                0x08000718                I2C3_ER_IRQHandler
                0x08000718                EXTI0_IRQHandler
                0x08000718                I2C2_EV_IRQHandler
                0x08000718                FPU_IRQHandler
                0x08000718                UsageFault_Handler
                0x08000718                SPI1_IRQHandler
                0x08000718                TIM1_BRK_TIM9_IRQHandler
                0x08000718                I2C1_EV_IRQHandler
                0x08000718                TIM3_IRQHandler
                0x08000718                RCC_IRQHandler
                0x08000718                Default_Handler
                0x08000718                EXTI15_10_IRQHandler
                0x08000718                ADC_IRQHandler
                0x08000718                I2C3_EV_IRQHandler
                0x08000718                EXTI9_5_IRQHandler
                0x08000718                RTC_WKUP_IRQHandler
                0x08000718                SPI2_IRQHandler
                0x08000718                MemManage_Handler
                0x08000718                SVC_Handler
                0x08000718                EXTI4_IRQHandler
                0x08000718                TIM2_IRQHandler
                0x08000718                OTG_FS_WKUP_IRQHandler
                0x08000718                TIM1_TRG_COM_TIM11_IRQHandler
                0x08000718                EXTI1_IRQHandler
                0x08000718                I2C2_ER_IRQHandler
                0x08000718                FLASH_IRQHandler
                0x08000718                BusFault_Handler
                0x08000718                OTG_FS_IRQHandler
                0x08000718                SPI3_IRQHandler
                0x08000718                I2C1_ER_IRQHandler
 *fill*         0x0800071a        0x2 
 .text.__libc_init_array
                0x0800071c       0x48 c:/ac6/systemworkbench/plugins/fr.ac6.mcu.externaltools.arm-none.win32_1.17.0.201812190825/tools/compiler/bin/../lib/gcc/arm-none-eabi/7.3.1/../../../../arm-none-eabi/lib/thumb/v7e-m/fpv4-sp/hard\libc.a(lib_a-init.o)
                0x0800071c                __libc_init_array
 .text.startup.register_fini
                0x08000764       0x14 c:/ac6/systemworkbench/plugins/fr.ac6.mcu.externaltools.arm-none.win32_1.17.0.201812190825/tools/compiler/bin/../lib/gcc/arm-none-eabi/7.3.1/../../../../arm-none-eabi/lib/thumb/v7e-m/fpv4-sp/hard\libc.a(lib_a-__call_atexit.o)
 .text.atexit   0x08000778        0xc c:/ac6/systemworkbench/plugins/fr.ac6.mcu.externaltools.arm-none.win32_1.17.0.201812190825/tools/compiler/bin/../lib/gcc/arm-none-eabi/7.3.1/../../../../arm-none-eabi/lib/thumb/v7e-m/fpv4-sp/hard\libc.a(lib_a-atexit.o)
                0x08000778                atexit
 .text.__libc_fini_array
                0x08000784       0x34 c:/ac6/systemworkbench/plugins/fr.ac6.mcu.externaltools.arm-none.win32_1.17.0.201812190825/tools/compiler/bin/../lib/gcc/arm-none-eabi/7.3.1/../../../../arm-none-eabi/lib/thumb/v7e-m/fpv4-sp/hard\libc.a(lib_a-fini.o)
                0x08000784                __libc_fini_array
 .text.__retarget_lock_acquire_recursive
                0x080007b8        0x4 c:/ac6/systemworkbench/plugins/fr.ac6.mcu.externaltools.arm-none.win32_1.17.0.201812190825/tools/compiler/bin/../lib/gcc/arm-none-eabi/7.3.1/../../../../arm-none-eabi/lib/thumb/v7e-m/fpv4-sp/hard\libc.a(lib_a-lock.o)
                0x080007b8                __retarget_lock_acquire_recursive
 .text.__retarget_lock_release_recursive
                0x080007bc        0x4 c:/ac6/systemworkbench/plugins/fr.ac6.mcu.externaltools.arm-none.win32_1.17.0.201812190825/tools/compiler/bin/../lib/gcc/arm-none-eabi/7.3.1/../../../../arm-none-eabi/lib/thumb/v7e-m/fpv4-sp/hard\libc.a(lib_a-lock.o)
                0x080007bc                __retarget_lock_release_recursive
 .text.__register_exitproc
                0x080007c0       0xc0 c:/ac6/systemworkbench/plugins/fr.ac6.mcu.externaltools.arm-none.win32_1.17.0.201812190825/tools/compiler/bin/../lib/gcc/arm-none-eabi/7.3.1/../../../../arm-none-eabi/lib/thumb/v7e-m/fpv4-sp/hard\libc.a(lib_a-__atexit.o)
                0x080007c0                __register_exitproc
 *(.glue_7)
 .glue_7        0x08000880        0x0 linker stubs
 *(.glue_7t)
 .glue_7t       0x08000880        0x0 linker stubs
 *(.eh_frame)
 .eh_frame      0x08000880        0x0 c:/ac6/systemworkbench/plugins/fr.ac6.mcu.externaltools.arm-none.win32_1.17.0.201812190825/tools/compiler/bin/../lib/gcc/arm-none-eabi/7.3.1/thumb/v7e-m/fpv4-sp/hard/crtbegin.o
 *(.init)
 .init          0x08000880        0x4 c:/ac6/systemworkbench/plugins/fr.ac6.mcu.externaltools.arm-none.win32_1.17.0.201812190825/tools/compiler/bin/../lib/gcc/arm-none-eabi/7.3.1/thumb/v7e-m/fpv4-sp/hard/crti.o
                0x08000880                _init
 .init          0x08000884        0x8 c:/ac6/systemworkbench/plugins/fr.ac6.mcu.externaltools.arm-none.win32_1.17.0.201812190825/tools/compiler/bin/../lib/gcc/arm-none-eabi/7.3.1/thumb/v7e-m/fpv4-sp/hard/crtn.o
 *(.fini)
 .fini          0x0800088c        0x4 c:/ac6/systemworkbench/plugins/fr.ac6.mcu.externaltools.arm-none.win32_1.17.0.201812190825/tools/compiler/bin/../lib/gcc/arm-none-eabi/7.3.1/thumb/v7e-m/fpv4-sp/hard/crti.o
                0x0800088c                _fini
 .fini          0x08000890        0x8 c:/ac6/systemworkbench/plugins/fr.ac6.mcu.externaltools.arm-none.win32_1.17.0.201812190825/tools/compiler/bin/../lib/gcc/arm-none-eabi/7.3.1/thumb/v7e-m/fpv4-sp/hard/crtn.o
                0x08000898                . = ALIGN (0x4)
                0x08000898                _etext = .

.vfp11_veneer   0x08000898        0x0
 .vfp11_veneer  0x08000898        0x0 linker stubs

.v4_bx          0x08000898        0x0
 .v4_bx         0x08000898        0x0 linker stubs

.iplt           0x08000898        0x0
 .iplt          0x08000898        0x0 c:/ac6/systemworkbench/plugins/fr.ac6.mcu.externaltools.arm-none.win32_1.17.0.201812190825/tools/compiler/bin/../lib/gcc/arm-none-eabi/7.3.1/thumb/v7e-m/fpv4-sp/hard/crtbegin.o

.rodata         0x08000898        0x4
                0x08000898                . = ALIGN (0x4)
 *(.rodata)
 *(.rodata*)
 .rodata._global_impure_ptr
                0x08000898        0x4 c:/ac6/systemworkbench/plugins/fr.ac6.mcu.externaltools.arm-none.win32_1.17.0.201812190825/tools/compiler/bin/../lib/gcc/arm-none-eabi/7.3.1/../../../../arm-none-eabi/lib/thumb/v7e-m/fpv4-sp/hard\libc.a(lib_a-impure.o)
                0x08000898                _global_impure_ptr
                0x0800089c                . = ALIGN (0x4)

.rel.dyn        0x0800089c        0x0
 .rel.iplt      0x0800089c        0x0 c:/ac6/systemworkbench/plugins/fr.ac6.mcu.externaltools.arm-none.win32_1.17.0.201812190825/tools/compiler/bin/../lib/gcc/arm-none-eabi/7.3.1/thumb/v7e-m/fpv4-sp/hard/crtbegin.o

.ARM.extab      0x0800089c        0x0
                0x0800089c                . = ALIGN (0x4)
 *(.ARM.extab* .gnu.linkonce.armextab.*)
                0x0800089c                . = ALIGN (0x4)

.ARM            0x0800089c        0x0
                0x0800089c                . = ALIGN (0x4)
                0x0800089c                __exidx_start = .
 *(.ARM.exidx*)
                0x0800089c                __exidx_end = .
                0x0800089c                . = ALIGN (0x4)

.preinit_array  0x0800089c        0x0
                0x0800089c                . = ALIGN (0x4)
                0x0800089c                PROVIDE (__preinit_array_start = .)
 *(.preinit_array*)
                0x0800089c                PROVIDE (__preinit_array_end = .)
                0x0800089c                . = ALIGN (0x4)

.init_array     0x0800089c        0x8
                0x0800089c                . = ALIGN (0x4)
                0x0800089c                PROVIDE (__init_array_start = .)
 *(SORT_BY_NAME(.init_array.*))
 .init_array.00000
                0x0800089c        0x4 c:/ac6/systemworkbench/plugins/fr.ac6.mcu.externaltools.arm-none.win32_1.17.0.201812190825/tools/compiler/bin/../lib/gcc/arm-none-eabi/7.3.1/../../../../arm-none-eabi/lib/thumb/v7e-m/fpv4-sp/hard\libc.a(lib_a-__call_atexit.o)
 *(.init_array*)
 .init_array    0x080008a0        0x4 c:/ac6/systemworkbench/plugins/fr.ac6.mcu.externaltools.arm-none.win32_1.17.0.201812190825/tools/compiler/bin/../lib/gcc/arm-none-eabi/7.3.1/thumb/v7e-m/fpv4-sp/hard/crtbegin.o
                0x080008a4                PROVIDE (__init_array_end = .)
                0x080008a4                . = ALIGN (0x4)

.fini_array     0x080008a4        0x4
                0x080008a4                . = ALIGN (0x4)
                0x080008a4                PROVIDE (__fini_array_start = .)
 *(SORT_BY_NAME(.fini_array.*))
 *(.fini_array*)
 .fini_array    0x080008a4        0x4 c:/ac6/systemworkbench/plugins/fr.ac6.mcu.externaltools.arm-none.win32_1.17.0.201812190825/tools/compiler/bin/../lib/gcc/arm-none-eabi/7.3.1/thumb/v7e-m/fpv4-sp/hard/crtbegin.o
                0x080008a8                PROVIDE (__fini_array_end = .)
                0x080008a8                . = ALIGN (0x4)
                0x080008a8                _sidata = LOADADDR (.data)

.data           0x20000000      0x444 load address 0x080008a8
                0x20000000                . = ALIGN (0x4)
                0x20000000                _sdata = .
 *(.data)
 .data          0x20000000       0x14 drivers/src/keypad.o
                0x20000000                rows
                0x20000004                cols
                0x20000008                lookupTable
 *(.data*)
 *fill*         0x20000014        0x4 
 .data.impure_data
                0x20000018      0x428 c:/ac6/systemworkbench/plugins/fr.ac6.mcu.externaltools.arm-none.win32_1.17.0.201812190825/tools/compiler/bin/../lib/gcc/arm-none-eabi/7.3.1/../../../../arm-none-eabi/lib/thumb/v7e-m/fpv4-sp/hard\libc.a(lib_a-impure.o)
 .data.__atexit_recursive_mutex
                0x20000440        0x4 c:/ac6/systemworkbench/plugins/fr.ac6.mcu.externaltools.arm-none.win32_1.17.0.201812190825/tools/compiler/bin/../lib/gcc/arm-none-eabi/7.3.1/../../../../arm-none-eabi/lib/thumb/v7e-m/fpv4-sp/hard\libc.a(lib_a-__call_atexit.o)
                0x20000440                __atexit_recursive_mutex
                0x20000444                . = ALIGN (0x4)
                0x20000444                _edata = .

.igot.plt       0x20000444        0x0 load address 0x08000cec
 .igot.plt      0x20000444        0x0 c:/ac6/systemworkbench/plugins/fr.ac6.mcu.externaltools.arm-none.win32_1.17.0.201812190825/tools/compiler/bin/../lib/gcc/arm-none-eabi/7.3.1/thumb/v7e-m/fpv4-sp/hard/crtbegin.o
                0x20000444                . = ALIGN (0x4)

.bss            0x20000444       0x44 load address 0x08000cec
                0x20000444                _sbss = .
                0x20000444                __bss_start__ = _sbss
 *(.bss)
 .bss           0x20000444       0x1c c:/ac6/systemworkbench/plugins/fr.ac6.mcu.externaltools.arm-none.win32_1.17.0.201812190825/tools/compiler/bin/../lib/gcc/arm-none-eabi/7.3.1/thumb/v7e-m/fpv4-sp/hard/crtbegin.o
 *(.bss*)
 *(COMMON)
 COMMON         0x20000460        0x1 drivers/src/keypad.o
                0x20000460                currentvalue
 *fill*         0x20000461        0x3 
 COMMON         0x20000464       0x21 c:/ac6/systemworkbench/plugins/fr.ac6.mcu.externaltools.arm-none.win32_1.17.0.201812190825/tools/compiler/bin/../lib/gcc/arm-none-eabi/7.3.1/../../../../arm-none-eabi/lib/thumb/v7e-m/fpv4-sp/hard\libc.a(lib_a-lock.o)
                0x20000464                __lock___atexit_recursive_mutex
                0x20000468                __lock___arc4random_mutex
                0x2000046c                __lock___env_recursive_mutex
                0x20000470                __lock___sinit_recursive_mutex
                0x20000474                __lock___malloc_recursive_mutex
                0x20000478                __lock___at_quick_exit_mutex
                0x2000047c                __lock___dd_hash_mutex
                0x20000480                __lock___tz_mutex
                0x20000484                __lock___sfp_recursive_mutex
                0x20000488                . = ALIGN (0x4)
 *fill*         0x20000485        0x3 
                0x20000488                _ebss = .
                0x20000488                __bss_end__ = _ebss

._user_heap_stack
                0x20000488      0x400 load address 0x08000cec
                0x20000488                . = ALIGN (0x8)
                0x20000488                PROVIDE (end = .)
                [!provide]                PROVIDE (_end = .)
                0x20000488                . = (. + _Min_Heap_Size)
                0x20000888                . = (. + _Min_Stack_Size)
 *fill*         0x20000488      0x400 
                0x20000888                . = ALIGN (0x8)

/DISCARD/
 libc.a(*)
 libm.a(*)
 libgcc.a(*)

.ARM.attributes
                0x00000000       0x30
 *(.ARM.attributes)
 .ARM.attributes
                0x00000000       0x22 c:/ac6/systemworkbench/plugins/fr.ac6.mcu.externaltools.arm-none.win32_1.17.0.201812190825/tools/compiler/bin/../lib/gcc/arm-none-eabi/7.3.1/thumb/v7e-m/fpv4-sp/hard/crti.o
 .ARM.attributes
                0x00000022       0x34 c:/ac6/systemworkbench/plugins/fr.ac6.mcu.externaltools.arm-none.win32_1.17.0.201812190825/tools/compiler/bin/../lib/gcc/arm-none-eabi/7.3.1/thumb/v7e-m/fpv4-sp/hard/crtbegin.o
 .ARM.attributes
                0x00000056       0x39 drivers/src/gpio.o
 .ARM.attributes
                0x0000008f       0x39 drivers/src/keypad.o
 .ARM.attributes
                0x000000c8       0x39 src/main.o
 .ARM.attributes
                0x00000101       0x39 src/system_stm32f4xx.o
 .ARM.attributes
                0x0000013a       0x21 startup/startup_stm32.o
 .ARM.attributes
                0x0000015b       0x34 c:/ac6/systemworkbench/plugins/fr.ac6.mcu.externaltools.arm-none.win32_1.17.0.201812190825/tools/compiler/bin/../lib/gcc/arm-none-eabi/7.3.1/../../../../arm-none-eabi/lib/thumb/v7e-m/fpv4-sp/hard\libc.a(lib_a-impure.o)
 .ARM.attributes
                0x0000018f       0x34 c:/ac6/systemworkbench/plugins/fr.ac6.mcu.externaltools.arm-none.win32_1.17.0.201812190825/tools/compiler/bin/../lib/gcc/arm-none-eabi/7.3.1/../../../../arm-none-eabi/lib/thumb/v7e-m/fpv4-sp/hard\libc.a(lib_a-init.o)
 .ARM.attributes
                0x000001c3       0x34 c:/ac6/systemworkbench/plugins/fr.ac6.mcu.externaltools.arm-none.win32_1.17.0.201812190825/tools/compiler/bin/../lib/gcc/arm-none-eabi/7.3.1/../../../../arm-none-eabi/lib/thumb/v7e-m/fpv4-sp/hard\libc.a(lib_a-__call_atexit.o)
 .ARM.attributes
                0x000001f7       0x34 c:/ac6/systemworkbench/plugins/fr.ac6.mcu.externaltools.arm-none.win32_1.17.0.201812190825/tools/compiler/bin/../lib/gcc/arm-none-eabi/7.3.1/../../../../arm-none-eabi/lib/thumb/v7e-m/fpv4-sp/hard\libc.a(lib_a-atexit.o)
 .ARM.attributes
                0x0000022b       0x34 c:/ac6/systemworkbench/plugins/fr.ac6.mcu.externaltools.arm-none.win32_1.17.0.201812190825/tools/compiler/bin/../lib/gcc/arm-none-eabi/7.3.1/../../../../arm-none-eabi/lib/thumb/v7e-m/fpv4-sp/hard\libc.a(lib_a-fini.o)
 .ARM.attributes
                0x0000025f       0x34 c:/ac6/systemworkbench/plugins/fr.ac6.mcu.externaltools.arm-none.win32_1.17.0.201812190825/tools/compiler/bin/../lib/gcc/arm-none-eabi/7.3.1/../../../../arm-none-eabi/lib/thumb/v7e-m/fpv4-sp/hard\libc.a(lib_a-lock.o)
 .ARM.attributes
                0x00000293       0x34 c:/ac6/systemworkbench/plugins/fr.ac6.mcu.externaltools.arm-none.win32_1.17.0.201812190825/tools/compiler/bin/../lib/gcc/arm-none-eabi/7.3.1/../../../../arm-none-eabi/lib/thumb/v7e-m/fpv4-sp/hard\libc.a(lib_a-__atexit.o)
 .ARM.attributes
                0x000002c7       0x22 c:/ac6/systemworkbench/plugins/fr.ac6.mcu.externaltools.arm-none.win32_1.17.0.201812190825/tools/compiler/bin/../lib/gcc/arm-none-eabi/7.3.1/thumb/v7e-m/fpv4-sp/hard/crtn.o
OUTPUT(lab5.elf elf32-littlearm)

.debug_info     0x00000000      0xe3f
 .debug_info    0x00000000      0x467 drivers/src/gpio.o
 .debug_info    0x00000467      0x35e drivers/src/keypad.o
 .debug_info    0x000007c5       0x46 src/main.o
 .debug_info    0x0000080b      0x612 src/system_stm32f4xx.o
 .debug_info    0x00000e1d       0x22 startup/startup_stm32.o

.debug_abbrev   0x00000000      0x401
 .debug_abbrev  0x00000000      0x122 drivers/src/gpio.o
 .debug_abbrev  0x00000122      0x134 drivers/src/keypad.o
 .debug_abbrev  0x00000256       0x3c src/main.o
 .debug_abbrev  0x00000292      0x15d src/system_stm32f4xx.o
 .debug_abbrev  0x000003ef       0x12 startup/startup_stm32.o

.debug_aranges  0x00000000       0xe8
 .debug_aranges
                0x00000000       0x38 drivers/src/gpio.o
 .debug_aranges
                0x00000038       0x38 drivers/src/keypad.o
 .debug_aranges
                0x00000070       0x20 src/main.o
 .debug_aranges
                0x00000090       0x30 src/system_stm32f4xx.o
 .debug_aranges
                0x000000c0       0x28 startup/startup_stm32.o

.debug_ranges   0x00000000       0xa0
 .debug_ranges  0x00000000       0x28 drivers/src/gpio.o
 .debug_ranges  0x00000028       0x28 drivers/src/keypad.o
 .debug_ranges  0x00000050       0x10 src/main.o
 .debug_ranges  0x00000060       0x20 src/system_stm32f4xx.o
 .debug_ranges  0x00000080       0x20 startup/startup_stm32.o

.debug_macro    0x00000000     0xa044
 .debug_macro   0x00000000       0xb5 drivers/src/gpio.o
 .debug_macro   0x000000b5      0xa66 drivers/src/gpio.o
 .debug_macro   0x00000b1b       0x65 drivers/src/gpio.o
 .debug_macro   0x00000b80       0x3b drivers/src/gpio.o
 .debug_macro   0x00000bbb       0x22 drivers/src/gpio.o
 .debug_macro   0x00000bdd       0x8e drivers/src/gpio.o
 .debug_macro   0x00000c6b       0x51 drivers/src/gpio.o
 .debug_macro   0x00000cbc       0xef drivers/src/gpio.o
 .debug_macro   0x00000dab       0x6a drivers/src/gpio.o
 .debug_macro   0x00000e15      0x1df drivers/src/gpio.o
 .debug_macro   0x00000ff4       0x34 drivers/src/gpio.o
 .debug_macro   0x00001028       0x26 drivers/src/gpio.o
 .debug_macro   0x0000104e      0xe43 drivers/src/gpio.o
 .debug_macro   0x00001e91     0x800a drivers/src/gpio.o
 .debug_macro   0x00009e9b       0xbf drivers/src/keypad.o
 .debug_macro   0x00009f5a       0x1b src/main.o
 .debug_macro   0x00009f75       0xcf src/system_stm32f4xx.o

.debug_line     0x00000000      0xe18
 .debug_line    0x00000000      0x425 drivers/src/gpio.o
 .debug_line    0x00000425      0x4cb drivers/src/keypad.o
 .debug_line    0x000008f0       0x85 src/main.o
 .debug_line    0x00000975      0x427 src/system_stm32f4xx.o
 .debug_line    0x00000d9c       0x7c startup/startup_stm32.o

.debug_str      0x00000000    0x357f7
 .debug_str     0x00000000    0x355c9 drivers/src/gpio.o
                              0x35743 (size before relaxing)
 .debug_str     0x000355c9       0x9e drivers/src/keypad.o
                              0x35676 (size before relaxing)
 .debug_str     0x00035667       0x13 src/main.o
                               0x2cf1 (size before relaxing)
 .debug_str     0x0003567a      0x154 src/system_stm32f4xx.o
                              0x35806 (size before relaxing)
 .debug_str     0x000357ce       0x29 startup/startup_stm32.o
                                 0x5c (size before relaxing)

.comment        0x00000000       0x7f
 .comment       0x00000000       0x7f drivers/src/gpio.o
                                 0x80 (size before relaxing)
 .comment       0x0000007f       0x80 drivers/src/keypad.o
 .comment       0x0000007f       0x80 src/main.o
 .comment       0x0000007f       0x80 src/system_stm32f4xx.o

.debug_frame    0x00000000      0x3b0
 .debug_frame   0x00000000       0xb0 drivers/src/gpio.o
 .debug_frame   0x000000b0       0x98 drivers/src/keypad.o
 .debug_frame   0x00000148       0x2c src/main.o
 .debug_frame   0x00000174       0x7c src/system_stm32f4xx.o
 .debug_frame   0x000001f0       0x2c c:/ac6/systemworkbench/plugins/fr.ac6.mcu.externaltools.arm-none.win32_1.17.0.201812190825/tools/compiler/bin/../lib/gcc/arm-none-eabi/7.3.1/../../../../arm-none-eabi/lib/thumb/v7e-m/fpv4-sp/hard\libc.a(lib_a-init.o)
 .debug_frame   0x0000021c       0x5c c:/ac6/systemworkbench/plugins/fr.ac6.mcu.externaltools.arm-none.win32_1.17.0.201812190825/tools/compiler/bin/../lib/gcc/arm-none-eabi/7.3.1/../../../../arm-none-eabi/lib/thumb/v7e-m/fpv4-sp/hard\libc.a(lib_a-__call_atexit.o)
 .debug_frame   0x00000278       0x20 c:/ac6/systemworkbench/plugins/fr.ac6.mcu.externaltools.arm-none.win32_1.17.0.201812190825/tools/compiler/bin/../lib/gcc/arm-none-eabi/7.3.1/../../../../arm-none-eabi/lib/thumb/v7e-m/fpv4-sp/hard\libc.a(lib_a-atexit.o)
 .debug_frame   0x00000298       0x34 c:/ac6/systemworkbench/plugins/fr.ac6.mcu.externaltools.arm-none.win32_1.17.0.201812190825/tools/compiler/bin/../lib/gcc/arm-none-eabi/7.3.1/../../../../arm-none-eabi/lib/thumb/v7e-m/fpv4-sp/hard\libc.a(lib_a-fini.o)
 .debug_frame   0x000002cc       0xb0 c:/ac6/systemworkbench/plugins/fr.ac6.mcu.externaltools.arm-none.win32_1.17.0.201812190825/tools/compiler/bin/../lib/gcc/arm-none-eabi/7.3.1/../../../../arm-none-eabi/lib/thumb/v7e-m/fpv4-sp/hard\libc.a(lib_a-lock.o)
 .debug_frame   0x0000037c       0x34 c:/ac6/systemworkbench/plugins/fr.ac6.mcu.externaltools.arm-none.win32_1.17.0.201812190825/tools/compiler/bin/../lib/gcc/arm-none-eabi/7.3.1/../../../../arm-none-eabi/lib/thumb/v7e-m/fpv4-sp/hard\libc.a(lib_a-__atexit.o)
